// Jest Snapshot v1, https://goo.gl/fbAQLP

exports[`View Component Edit mode matches the snapshot 1`] = `
<div
  id="aquifer-detail"
>
  <div
    class="card mb-3 container d-print-none"
  >
    <!---->
    <!---->
    <ol
      class="breadcrumb py-0 my-2"
    >
      <li
        class="breadcrumb-item"
      >
        <a
          class=""
          href="#"
          target="_self"
        >
          Aquifer Search
        </a>
      </li>
      <li
        class="breadcrumb-item"
      >
        <a
          class=""
          href="#"
          target="_self"
        >
          Aquifer 4 Summary
        </a>
      </li>
      <li
        class="breadcrumb-item active"
      >
        <span
          aria-current="location"
        >
          Edit Aquifer
        </span>
      </li>
    </ol>
    <!---->
    <!---->
  </div>
   
  <div>
    <div
      class="card container container-wide card-container p-0 pb-5 main-card p-4"
    >
      <!---->
      <!---->
      <div
        class="card-body"
      >
        <!---->
        <!---->
        <!---->
         
        <!---->
         
        <!---->
         
        <!---->
         
        <!---->
         
        <!---->
         
        <!---->
         
        <!---->
         
        <!---->
         
        <div>
          <div
            id="form-loading-spinner"
          >
            <div
              class="fa-2x text-center"
            >
              <i
                class="fa fa-circle-o-notch fa-spin"
              />
            </div>
          </div>
           
          <div
            class="row border-bottom mb-3 pb-2"
          >
            <div
              class="col"
            >
              <h4>
                Aquifer 4 Summary - Edit
              </h4>
            </div>
          </div>
           
          <aquifer-form-stub
            fielderrors="[object Object]"
            files="[object Object]"
            loadingdata="true"
            record="[object Object]"
            showid=""
          />
           
          <div
            class="card mt-5"
          >
            <div
              class="card-body"
            >
              <h6
                class="card-title mb-0"
                id="changeHistoryTitle"
              >
                Change History
      
                <span
                  class="ml-3"
                >
                  <button
                    class="btn btn-outline-primary btn-sm"
                    link=""
                    type="button"
                  >
                    Show
                  </button>
                </span>
              </h6>
               
              <div
                id="historyList"
              >
                <div>
                  <!---->
                   
                  <!---->
                </div>
              </div>
            </div>
          </div>
        </div>
         
        <!---->
      </div>
      <!---->
      <!---->
    </div>
  </div>
</div>
`;

exports[`View Component View mode matches the snapshot 1`] = `
<div
  id="aquifer-detail"
>
  <div
    class="card mb-3 container d-print-none"
  >
    <!---->
    <!---->
    <ol
      class="breadcrumb py-0 my-2"
    >
      <li
        class="breadcrumb-item"
      >
        <a
          class=""
          href="#"
          target="_self"
        >
          Aquifer Search
        </a>
      </li>
      <li
        class="breadcrumb-item active"
      >
        <span
          aria-current="location"
        >
          Aquifer Summary
        </span>
      </li>
    </ol>
    <!---->
    <!---->
  </div>
   
  <div>
    <div
      class="card container container-wide card-container p-0 pb-5 main-card"
    >
      <!---->
      <!---->
      <div
        class="card-body"
      >
        <!---->
        <!---->
        <!---->
         
        <!---->
         
        <!---->
         
        <!---->
         
        <!---->
         
        <!---->
         
        <!---->
         
        <!---->
         
        <!---->
         
        <!---->
         
        <div
          class="container-fluid"
        >
          <div
            class="row"
          >
            <div
              class="aquifer-detail col-md-12 col-lg-5 col-12"
            >
              <div
                class="row"
              >
                <div
                  class="pt-0 pl-4 pb-4 pr-4 col"
                >
                  <div
                    class="d-flex justify-content-between align-items-center"
                  >
                    <h4
                      class="color-grey main-title mt-4"
                    >
                      Aquifer 4 Summary
                    </h4>
                     
                    <div>
                      <!---->
                       
                      <a
                        class="ml-2 print-button fa fa-print fa-lg d-print-none"
                        href="#"
                        title="Print"
                      />
                    </div>
                  </div>
                </div>
              </div>
               
              <div
                class="row"
              >
                <div
                  class="pl-4 pr-4 aquifer-main-information-list col-sm-12 col-12"
                >
                  <div
                    class="row"
                  >
                    <div
                      class="col-md-3 col-lg-6 col-6"
                    >
                      Aquifer number
                    </div>
                     
                    <div
                      class="col-md-3 col-lg-6 col-6"
                      id="aquifer-view-number"
                    >
                      4
                    </div>
                     
                    <div
                      class="col-md-3 col-lg-6 col-6"
                    >
                      Year of mapping
                    </div>
                     
                    <div
                      class="aquifer-mapping-year col-md-3 col-lg-6 col-6"
                    >
                      1993
                    </div>
                  </div>
                   
                  <div
                    class="row"
                  >
                    <div
                      class="col-md-3 col-lg-6 col-6"
                    >
                      Aquifer name
                    </div>
                     
                    <div
                      class="col-md-3 col-lg-6 col-6"
                      id="aquifer-view-name"
                    >
                      Aggasiz
                    </div>
                     
                    <div
                      class="col-md-3 col-lg-6 col-6"
                    >
                      Litho stratigraphic unit
                    </div>
                     
                    <div
                      class="col-md-3 col-lg-6 col-6"
                    >
                      Fraser River Sediments
                    </div>
                  </div>
                   
                  <div
                    class="row"
                  >
                    <div
                      class="col-md-3 col-lg-6 col-6"
                    >
                      Descriptive location
                    </div>
                     
                    <div
                      class="col-md-3 col-lg-6 col-6"
                    >
                      Aggasiz/Sea Bird Island
                    </div>
                     
                    <div
                      class="col-md-3 col-lg-6 col-6"
                    >
                      
                    Vulnerability
                    
                      <i
                        class="fa fa-question-circle color-info fa-xs pt-0 mt-0 d-print-none"
                        id="vulnerability-info"
                        tabindex="0"
                      />
                       
                      <b-popover-stub
                        content="The susceptibility of an aquifer to contamination from surface sources. Three vulnerability categories are used: high, moderate, or low. Vulnerability is based on hydrogeology alone and does not consider the existing type of land use or nature of the potential contaminants."
                        target="vulnerability-info"
                        triggers="hover focus"
                      />
                    </div>
                     
                    <div
                      class="col-md-3 col-lg-6 col-6"
                    >
                      
                    </div>
                  </div>
                   
                  <div
                    class="row"
                  >
                    <div
                      class="col-md-3 col-lg-6 col-6"
                    >
                      Material type
                    </div>
                     
                    <div
                      class="col-md-3 col-lg-6 col-6"
                    >
                      
                    </div>
                     
                    <div
                      class="col-md-3 col-lg-6 col-6"
                    >
                      
                    Subtype
                    
                      <i
                        class="fa fa-question-circle color-info fa-xs pt-0 mt-0 d-print-none"
                        id="aquifer-subtype-info"
                        tabindex="0"
                      />
                       
                      <b-popover-stub
                        target="aquifer-subtype-info"
                        triggers="hover focus"
                      >
                        
                      There are different types of aquifers, depending on the geologic materials in which they occur. Subtype descriptions can be
                      
                        <a
                          class="d-print-url"
                          href="https://www2.gov.bc.ca/gov/content/environment/air-land-water/water/groundwater-wells-aquifers/understanding-aquifers/aquifer-subtype-code-description"
                          rel="noopener noreferrer"
                          target="_blank"
                        >
                          found here
                        </a>
                        .
                    
                      </b-popover-stub>
                    </div>
                     
                    <div
                      class="col-md-3 col-lg-6 col-6"
                    >
                      
                    </div>
                  </div>
                   
                  <div
                    class="row"
                  >
                    <div
                      class="col-md-3 col-lg-6 col-6"
                    >
                      
                    Quality concerns
                    
                      <i
                        class="fa fa-question-circle color-info fa-xs pt-0 mt-0 d-print-none"
                        id="aquifer-quality-concerns"
                        tabindex="0"
                      />
                       
                      <b-popover-stub
                        target="aquifer-quality-concerns"
                        triggers="hover focus"
                      >
                        
                      Classified as unknown/none, isolated, local, or regional. For details see page 16 of the Guide to Using the
                      
                        <a
                          class="d-print-url"
                          href="https://www2.gov.bc.ca/assets/gov/environment/air-land-water/water/science-data/aquifer_maps_guide.pdf"
                          rel="noopener noreferrer"
                          target="_blank"
                        >
                          BC Aquifer Classification System
                        </a>
                        .
                    
                      </b-popover-stub>
                    </div>
                     
                    <div
                      class="col-md-3 col-lg-6 col-6"
                    >
                      
                    </div>
                     
                    <div
                      class="col-md-3 col-lg-6 col-6"
                    >
                      
                    Productivity
                    
                      <i
                        class="fa fa-question-circle color-info fa-xs pt-0 mt-0 d-print-none"
                        id="productivity-info"
                        tabindex="0"
                      />
                       
                      <b-popover-stub
                        content="Productivity describes the rate of groundwater flow from wells and springs and the abundance of groundwater in an aquifer. Classified as low, medium, or high."
                        target="productivity-info"
                        triggers="hover focus"
                      />
                    </div>
                     
                    <div
                      class="col-md-3 col-lg-6 col-6"
                    >
                      
                    </div>
                  </div>
                   
                  <div
                    class="row"
                  >
                    <div
                      class="col-md-3 col-lg-6 col-6"
                    >
                      Size (km²)
                    </div>
                     
                    <div
                      class="col-md-3 col-lg-6 col-6"
                    >
                      63.3
                    </div>
                     
                    <div
                      class="col-md-3 col-lg-6 col-6"
                    >
                      
                    Calculated well density
                    
                      <i
                        class="fa fa-question-circle color-info fa-xs pt-0 mt-0 d-print-none"
                        id="calculated-demand-density-info"
                        tabindex="0"
                      />
                       
                      <b-popover-stub
                        content="Calculated based on the number of wells known to be completed in the aquifer per square kilometer. Light ≤ 4 km²; Medium 4 – 20 km²; Heavy > 20 km²"
                        target="calculated-demand-density-info"
                        triggers="hover focus"
                      />
                    </div>
                     
                    <div
                      class="col-md-3 col-lg-6 col-6"
                    >
                      Low
                    </div>
                  </div>
                </div>
              </div>
            </div>
             
            <div
              class="p-0 col-md-12 col-lg-7 col-12"
              id="map-container"
            >
              <!---->
               
              <single-aquifer-map-stub
                aquiferid="4"
                aquifernotations=""
              />
            </div>
          </div>
           
          <div
            class="row mt-5 aquifer-details"
          >
            <div
              class="col-lg-6 col-xl-4 col-12"
            >
              <h5
                class="mt-3 border-bottom pb-4 main-title"
              >
                Well Information
              </h5>
               
              <ul
                class="ml-0 mr-0 mt-4 mb-0 p-0 aquifer-information-list"
              >
                <div
                  class="aquifer-information-list-divider"
                />
                 
                <li>
                  <dl>
                    <dt>
                      Number of wells correlated to the aquifer
                    
                      <i
                        class="fa fa-question-circle color-info fa-xs pt-0 mt-0 d-print-none"
                        id="correlated-wells-count"
                        tabindex="0"
                      />
                       
                      <b-popover-stub
                        content="The total number of wells that fall within the aquifer boundaries and, based on depth and lithology, are believed to withdraw water from that aquifer."
                        target="correlated-wells-count"
                        triggers="hover focus"
                      />
                    </dt>
                     
                    <dd
                      class="m-0"
                    >
                      <router-link-stub
                        to="[object Object]"
                      >
                        
                      4
                    
                      </router-link-stub>
                    </dd>
                  </dl>
                </li>
                 
                <li>
                  <dl>
                    <dt>
                      
                    Number of uncorrelated wells within mapped aquifer extent
                    
                      <i
                        class="fa fa-question-circle color-info fa-xs pt-0 mt-0 d-print-none"
                        id="uncorrelated-wells-count"
                        tabindex="0"
                      />
                       
                      <b-popover-stub
                        content="The total number of wells that fall within the aquifer polygon but have not been correlated to any aquifer. These wells may potentially be located within this aquifer or may be completed within an aquitard or within another aquifer located at a different depth."
                        target="uncorrelated-wells-count"
                        triggers="hover focus"
                      />
                    </dt>
                     
                    <dd
                      class="m-0"
                    >
                      
                    0
                  
                    </dd>
                  </dl>
                </li>
                 
                <li>
                  <dl>
                    <dt>
                      Flowing artesian wells
                    
                      <i
                        class="fa fa-question-circle color-info fa-xs pt-0 mt-0 d-print-none"
                        id="artesian-wells"
                        tabindex="0"
                      />
                       
                      <b-popover-stub
                        content="A flowing artesian well is one that has been drilled into an aquifer where the pressure within the aquifer forces the groundwater to rise above the land surface naturally without using a pump."
                        target="artesian-wells"
                        triggers="hover focus"
                      />
                    </dt>
                     
                    <dd
                      class="m-0"
                    >
                      <router-link-stub
                        to="[object Object]"
                      >
                        
                      4 artesian wells in aquifer
                    
                      </router-link-stub>
                    </dd>
                  </dl>
                </li>
              </ul>
               
              <p>
                <i>
                  Well info last updated 2/9/2016
                </i>
              </p>
               
              <h5
                class="mt-5 border-bottom pb-4 main-title"
              >
                Documentation
              </h5>
               
              <aquifer-documents-stub
                files="[object Object]"
                highlightregexp="/[_ -]factsheet[_ -]*.*\\\\.pdf$/i"
                highlighttitle="Factsheets"
                id="4"
                publicfilestitle="Other Documents"
              />
            </div>
             
            <div
              class="col-lg-6 col-xl-4 col-12"
            >
              <h5
                class="mt-3 border-bottom pb-4 main-title"
              >
                Licensing Information
              </h5>
               
              <div>
                <p>
                  
                The licensing summaries should be considered estimates. Total volume is likely more than what is indicated in charts due to
                domestic use and unprocessed licence applications. Due to complexities in the structure of the licensing data,
                reported values should be confirmed through the
                
                  <a
                    class="d-print-url"
                    href="https://j200.gov.bc.ca/pub/ams/Default.aspx?PossePresentation=AMSPublic&PosseObjectDef=o_ATIS_DocumentSearch&PosseMenuName=WS_Main"
                    target="_blank"
                  >
                    
                  e‑licensing portal
                  </a>
                  .
              
                </p>
              </div>
               
              <ul
                class="ml-0 mr-0 mt-4 mb-0 p-0 aquifer-information-list"
              >
                <div
                  class="aquifer-information-list-divider"
                />
                 
                <li>
                  <dt>
                    Number of groundwater licences
                  </dt>
                   
                  <dd
                    class="m-0"
                  >
                    4
                  </dd>
                </li>
                 
                <li>
                  <dt>
                    Water withdrawal volume (annual)
                  </dt>
                   
                  <dd
                    class="m-0"
                  >
                    No information available.
                  </dd>
                </li>
              </ul>
               
              <div>
                <div
                  class="row pt-5"
                >
                  <div
                    class="pb-5 col-md-6 col-lg-12 col-12"
                  >
                    <h5
                      class="pie-chart-title"
                    >
                      Licensed volume by purpose (millions of cubic meters)
                    </h5>
                     
                    <pie-chart-stub
                      chartid="pie-chart"
                      chartoptions="[object Object]"
                      class="mt-3"
                      cssclasses=""
                      data="2.73,0.98,6.85"
                      height="400"
                      labels="Irrigation: Local Provider  2.73,Processing & Manufacturing  0.98,Irrigation: Private  6.85"
                      plugins=""
                      width="400"
                    />
                  </div>
                   
                  <div
                    class="pb-5 col-md-6 col-lg-12 col-12"
                  >
                    <h5
                      class="pie-chart-title"
                    >
                      Number of licences by purpose
                    </h5>
                     
                    <pie-chart-stub
                      chartid="pie-chart"
                      chartoptions="[object Object]"
                      class="mt-3"
                      cssclasses=""
                      data="1,1,2"
                      height="400"
                      labels="Irrigation: Local Provider ,Processing & Manufacturing ,Irrigation: Private "
                      plugins=""
                      width="400"
                    />
                  </div>
                </div>
              </div>
               
              <table
                aria-busy="false"
                aria-colcount="2"
                class="table b-table table-striped"
                id="licenses"
                role="table"
              >
                <!---->
                <!---->
                <thead
                  class=""
                  role="rowgroup"
                >
                  <!---->
                  <tr
                    class=""
                    role="row"
                  >
                    <th
                      aria-colindex="1"
                      class=""
                      role="columnheader"
                      scope="col"
                    >
                      <div>
                        Licence Number
                      </div>
                    </th>
                    <th
                      aria-colindex="2"
                      class=""
                      role="columnheader"
                      scope="col"
                    >
                      <div>
                        Well Tag Numbers In Licence
                      </div>
                    </th>
                  </tr>
                </thead>
                <tbody
                  role="rowgroup"
                >
                  <!---->
                  <tr
                    class=""
                    role="row"
                  >
                    <td
                      aria-colindex="1"
                      class=""
                      role="cell"
                    >
                      <a
                        href="https://j200.gov.bc.ca/pub/ams/Default.aspx?PossePresentation=AMSPublic&PosseObjectDef=o_ATIS_DocumentSearch&PosseMenuName=WS_Main&Criteria_LicenceNumber=501525"
                        target="_blank"
                      >
                        
                  501525
                
                      </a>
                    </td>
                    <td
                      aria-colindex="2"
                      class=""
                      role="cell"
                    >
                      <ul
                        class="p-0 m-0"
                      >
                        <li>
                          <router-link-stub
                            to="[object Object]"
                          >
                            117041
                          </router-link-stub>
                        </li>
                      </ul>
                    </td>
                  </tr>
                  <tr
                    class=""
                    role="row"
                  >
                    <td
                      aria-colindex="1"
                      class=""
                      role="cell"
                    >
                      <a
                        href="https://j200.gov.bc.ca/pub/ams/Default.aspx?PossePresentation=AMSPublic&PosseObjectDef=o_ATIS_DocumentSearch&PosseMenuName=WS_Main&Criteria_LicenceNumber=501526"
                        target="_blank"
                      >
                        
                  501526
                
                      </a>
                    </td>
                    <td
                      aria-colindex="2"
                      class=""
                      role="cell"
                    >
                      <ul
                        class="p-0 m-0"
                      >
                        <li>
                          <router-link-stub
                            to="[object Object]"
                          >
                            117043
                          </router-link-stub>
                        </li>
                      </ul>
                    </td>
                  </tr>
                  <tr
                    class=""
                    role="row"
                  >
                    <td
                      aria-colindex="1"
                      class=""
                      role="cell"
                    >
                      <a
                        href="https://j200.gov.bc.ca/pub/ams/Default.aspx?PossePresentation=AMSPublic&PosseObjectDef=o_ATIS_DocumentSearch&PosseMenuName=WS_Main&Criteria_LicenceNumber=501527"
                        target="_blank"
                      >
                        
                  501527
                
                      </a>
                    </td>
                    <td
                      aria-colindex="2"
                      class=""
                      role="cell"
                    >
                      <ul
                        class="p-0 m-0"
                      >
                        <li>
                          <router-link-stub
                            to="[object Object]"
                          >
                            117044
                          </router-link-stub>
                        </li>
                      </ul>
                    </td>
                  </tr>
                  <tr
                    class=""
                    role="row"
                  >
                    <td
                      aria-colindex="1"
                      class=""
                      role="cell"
                    >
                      <a
                        href="https://j200.gov.bc.ca/pub/ams/Default.aspx?PossePresentation=AMSPublic&PosseObjectDef=o_ATIS_DocumentSearch&PosseMenuName=WS_Main&Criteria_LicenceNumber=501528"
                        target="_blank"
                      >
                        
                  501528
                
                      </a>
                    </td>
                    <td
                      aria-colindex="2"
                      class=""
                      role="cell"
                    >
                      <ul
                        class="p-0 m-0"
                      >
                        <li>
                          <router-link-stub
                            to="[object Object]"
                          >
                            117045
                          </router-link-stub>
                        </li>
                      </ul>
                    </td>
                  </tr>
                  <!---->
                  <!---->
                </tbody>
                <!---->
              </table>
               
              <p>
                <i>
                  Licence info last updated 11/4/2019
                </i>
              </p>
               
              <p>
                
              Licensing information is obtained from
              the 
                <a
                  class="d-print-url"
                  href="https://catalogue.data.gov.bc.ca/dataset/water-rights-licences-public"
                  target="_blank"
                >
                  
                Water Rights Licence - Public data layer
              
                </a>
                .
            
              </p>
               
              <p>
                
              Unique licenses are counted once for each aquifer that they are associated with.
            
              </p>
               
              <p>
                
              The total licensed volume is counted once for each licence (the total volume may
              be shared between wells if there are multiple wells in a licence). In cases where
              specific volumes are licensed for multiple purposes, individual volumes are summed.
            
              </p>
            </div>
             
            <div
              class="knowledge-indicators col-lg-6 col-xl-4 col-12"
            >
              <h5
                class="mt-3 border-bottom pb-4 main-title"
              >
                Knowledge Indicators
              </h5>
               
              <ul
                class="ml-0 mr-0 mb-0 mt-4 p-0 aquifer-information-list"
              >
                <div
                  class="aquifer-information-list-divider"
                />
                 
                <li>
                  <div
                    class="advanced-mapping"
                  >
                    <dt
                      class="text-right"
                    >
                      Advanced mapping
                    
                      <i
                        class="fa fa-question-circle color-info fa-xs pt-0 mt-0 d-print-none"
                        id="aquifer-advanced-mapping"
                        tabindex="0"
                      />
                       
                      <b-popover-stub
                        content="Aquifers with advanced mapping have been mapped in three dimensions. Generally, cross-sections and/or three-dimensional models, have been developed."
                        target="aquifer-advanced-mapping"
                        triggers="hover focus"
                      />
                    </dt>
                     
                    <dd
                      class="m-0"
                    >
                       
                      <p
                        class="m-0"
                      >
                        No information available.
                      </p>
                    </dd>
                  </div>
                </li>
                <li>
                  <div
                    class="aquifer-artesian-advisory"
                  >
                    <dl>
                      <dt
                        class="text-right"
                      >
                        Drilling & operation advisory
                      
                        <i
                          class="fa fa-question-circle color-info fa-xs pt-0 mt-0 d-print-none"
                          id="aquiferArtesianAdvisory"
                          tabindex="0"
                        />
                         
                        <b-popover-stub
                          content="Advisories highlighting regional concerns about water availability, water quality, and flowing artesian conditions."
                          target="aquiferArtesianAdvisory"
                          triggers="hover focus"
                        />
                      </dt>
                       
                      <dd
                        class="m-0"
                      >
                         
                        <p
                          class="m-0"
                        >
                          No information available.
                        </p>
                      </dd>
                    </dl>
                  </div>
                </li>
                <li>
                  <div
                    class="observational-wells"
                  >
                    <dl>
                      <dt
                        class="text-right"
                      >
                        Observation wells
                      
                        <i
                          class="fa fa-question-circle color-info fa-xs pt-0 mt-0 d-print-none"
                          id="aquifer-observation-wells"
                          tabindex="0"
                        />
                         
                        <b-popover-stub
                          content="Groundwater Observation Wells are used to monitor aquifer groundwater levels and chemistry over time."
                          target="aquifer-observation-wells"
                          triggers="hover focus"
                        />
                      </dt>
                       
                      <dd
                        class="m-0"
                      >
                        <div>
                          <h6
                            class="border-bottom"
                          >
                            Active
                          </h6>
                           
                          <ul
                            class="p-0 m-0"
                          >
                            <li
                              class=""
                            >
                              <span
                                class="observation-well"
                              >
                                <a
                                  class="d-print-url"
                                  href="https://governmentofbc.maps.arcgis.com/apps/webappviewer/index.html?id=b53cb0bf3f6848e79d66ffd09b74f00d&find=OBS WELL 2"
                                  target="_blank"
                                >
                                  
    2
  
                                </a>
                                 
                                <!---->
                                 
                                <!---->
                              </span>
                            </li>
                            <li
                              class=""
                            >
                              <span
                                class="observation-well"
                              >
                                <a
                                  class="d-print-url"
                                  href="https://governmentofbc.maps.arcgis.com/apps/webappviewer/index.html?id=b53cb0bf3f6848e79d66ffd09b74f00d&find=OBS WELL 2"
                                  target="_blank"
                                >
                                  
    2
  
                                </a>
                                 
                                <!---->
                                 
                                <!---->
                              </span>
                            </li>
                          </ul>
                        </div>
                         
                        <!---->
                         
                        <!---->
                      </dd>
                    </dl>
                  </div>
                </li>
                <li>
                  <div
                    class="aquifer-numerical-model"
                  >
                    <dl>
                      <dt
                        class="text-right"
                      >
                        Numerical Model
                      
                        <i
                          class="fa fa-question-circle color-info fa-xs pt-0 mt-0 d-print-none"
                          id="aquiferNumericalModel"
                          tabindex="0"
                        />
                         
                        <b-popover-stub
                          content="Numerical groundwater flow models are mathematical representations of groundwater flow in an aquifer and the interactions with adjacent surface water bodies."
                          target="aquiferNumericalModel"
                          triggers="hover focus"
                        />
                      </dt>
                       
                      <dd
                        class="m-0"
                      >
                         
                        <p
                          class="m-0"
                        >
                          No information available.
                        </p>
                      </dd>
                    </dl>
                  </div>
                </li>
                <li>
                  <div
                    class="aquifer-notations"
                  >
                    <dl>
                      <dt
                        class="text-right"
                      >
                        Aquifer notations
                      
                        <i
                          class="fa fa-question-circle color-info fa-xs pt-0 mt-0 d-print-none"
                          id="aquiferNotations"
                          tabindex="0"
                        />
                         
                        <b-popover-stub
                          target="aquiferNotations"
                          triggers="hover focus"
                        >
                          <p>
                            Water allocation notations are a water management tool that indicates a potential lack of water availability/quality in a source. For details click 
                            <a
                              href="https://www2.gov.bc.ca/gov/content/environment/air-land-water/water/water-licensing-rights/water-allocation-notations"
                            >
                              here
                            </a>
                            .
                          </p>
                        </b-popover-stub>
                      </dt>
                       
                      <dd
                        class="m-0"
                      >
                        No notation currently assigned.
                      </dd>
                    </dl>
                  </div>
                </li>
                <li>
                  <div
                    class="aquifer-water-budget"
                  >
                    <dl>
                      <dt
                        class="text-right"
                      >
                        Water Budget
                      
                        <i
                          class="fa fa-question-circle color-info fa-xs pt-0 mt-0 d-print-none"
                          id="aquiferWaterBudget"
                          tabindex="0"
                        />
                         
                        <b-popover-stub
                          content="Water budget studies are an accounting of all the water flowing into and out of an aquifer and/or a watershed over a specified time."
                          target="aquiferWaterBudget"
                          triggers="hover focus"
                        />
                      </dt>
                       
                      <dd
                        class="m-0"
                      >
                         
                        <p
                          class="m-0"
                        >
                          No information available.
                        </p>
                      </dd>
                    </dl>
                  </div>
                </li>
                <li>
                  <div
                    class="water-quality-information"
                  >
                    <dl>
                      <dt
                        class="text-right"
                      >
                        Water quality information
                      
                        <i
                          class="fa fa-question-circle color-info fa-xs pt-0 mt-0 d-print-none"
                          id="aquiferWaterQualityInformation"
                          tabindex="0"
                        />
                         
                        <b-popover-stub
                          content="Indicates there are wells correlated to the aquifer with water quality information in the Environmental Monitoring System (EMS) database."
                          target="aquiferWaterQualityInformation"
                          triggers="hover focus"
                        />
                      </dt>
                       
                      <dd
                        class="m-0"
                      >
                        <router-link-stub
                          to="[object Object]"
                        >
                          
                        3 wells with an EMS ID
                      
                        </router-link-stub>
                      </dd>
                    </dl>
                  </div>
                </li>
                <li>
                  <div
                    class="aquifer-connected"
                  >
                    <dl>
                      <dt
                        class="text-right"
                      >
                        Hydraulically connected (screening level)
                      
                        <i
                          class="fa fa-question-circle color-info fa-xs pt-0 mt-0 d-print-none"
                          id="aquiferConnectedInfo"
                          tabindex="0"
                        />
                         
                        <b-popover-stub
                          content="Likelihood of hydraulic connection between groundwater and surface water requires aquifer specific assessment and professional judgement. "
                          target="aquiferConnectedInfo"
                          triggers="hover focus"
                        />
                      </dt>
                       
                      <dd
                        class="m-0"
                      >
                        <a
                          href="http://a100.gov.bc.ca/appsdata/acat/documents/r50832/HydraulicConnectMW3_1474311684426_4310694949.pdf"
                          rel="noopener noreferrer"
                          target="_blank"
                        >
                          See Guidance on Determining Likelihood of Hydraulic Connection
                        </a>
                      </dd>
                    </dl>
                  </div>
                </li>
                <li>
                  <div
                    class="aquifer-groundwater-surface-interactions"
                  >
                    <dl>
                      <dt
                        class="text-right"
                      >
                        Groundwater Surface Water Interactions
                      
                        <i
                          class="fa fa-question-circle color-info fa-xs pt-0 mt-0 d-print-none"
                          id="aquiferGroundwaterSurfaceInteractions"
                          tabindex="0"
                        />
                         
                        <b-popover-stub
                          content="Studies that characterize the exchange of water and/or chemicals between the land surface and the subsurface."
                          target="aquiferGroundwaterSurfaceInteractions"
                          triggers="hover focus"
                        />
                      </dt>
                       
                      <dd
                        class="m-0"
                      >
                         
                        <p
                          class="m-0"
                        >
                          No information available.
                        </p>
                      </dd>
                    </dl>
                  </div>
                </li>
                <li>
                  <div>
                    <dt
                      class="text-right"
                    >
                      Other information
                    </dt>
                     
                    <dd
                      class="m-0"
                    >
                       
                      <p
                        class="m-0"
                      >
                        No information available.
                      </p>
                    </dd>
                  </div>
                </li>
              </ul>
            </div>
          </div>
        </div>
      </div>
      <!---->
      <!---->
    </div>
  </div>
</div>
`;
